client/src/components/LandingPage/Pricing.tsx(57,17): error TS6133: 'isPurple' is declared but its value is never read.
client/src/components/ui/accordion.tsx(2,37): error TS2307: Cannot find module '@radix-ui/react-accordion' or its corresponding type declarations.
client/src/components/ui/alert-dialog.tsx(2,39): error TS2307: Cannot find module '@radix-ui/react-alert-dialog' or its corresponding type declarations.
client/src/components/ui/aspect-ratio.tsx(1,39): error TS2307: Cannot find module '@radix-ui/react-aspect-ratio' or its corresponding type declarations.
client/src/components/ui/avatar.tsx(2,34): error TS2307: Cannot find module '@radix-ui/react-avatar' or its corresponding type declarations.
client/src/components/ui/calendar.tsx(3,27): error TS2307: Cannot find module 'react-day-picker' or its corresponding type declarations.
client/src/components/ui/calendar.tsx(45,20): error TS6133: '_props' is declared but its value is never read.
client/src/components/ui/calendar.tsx(46,21): error TS6133: '_props' is declared but its value is never read.
client/src/components/ui/carousel.tsx(2,61): error TS2307: Cannot find module 'embla-carousel-react' or its corresponding type declarations.
client/src/components/ui/chart.tsx(2,36): error TS2307: Cannot find module 'recharts' or its corresponding type declarations.
client/src/components/ui/chart.tsx(163,25): error TS7006: Parameter 'item' implicitly has an 'any' type.
client/src/components/ui/chart.tsx(163,31): error TS7006: Parameter 'index' implicitly has an 'any' type.
client/src/components/ui/chart.tsx(249,21): error TS7006: Parameter 'item' implicitly has an 'any' type.
client/src/components/ui/checkbox.tsx(2,36): error TS2307: Cannot find module '@radix-ui/react-checkbox' or its corresponding type declarations.
client/src/components/ui/collapsible.tsx(1,39): error TS2307: Cannot find module '@radix-ui/react-collapsible' or its corresponding type declarations.
client/src/components/ui/command.tsx(2,34): error TS2307: Cannot find module '@radix-ui/react-dialog' or its corresponding type declarations.
client/src/components/ui/command.tsx(3,45): error TS2307: Cannot find module 'cmdk' or its corresponding type declarations.
client/src/components/ui/command.tsx(26,26): error TS2339: Property 'children' does not exist on type 'CommandDialogProps'.
client/src/components/ui/context-menu.tsx(2,39): error TS2307: Cannot find module '@radix-ui/react-context-menu' or its corresponding type declarations.
client/src/components/ui/dialog.tsx(2,34): error TS2307: Cannot find module '@radix-ui/react-dialog' or its corresponding type declarations.
client/src/components/ui/drawer.tsx(2,43): error TS2307: Cannot find module 'vaul' or its corresponding type declarations.
client/src/components/ui/dropdown-menu.tsx(2,40): error TS2307: Cannot find module '@radix-ui/react-dropdown-menu' or its corresponding type declarations.
client/src/components/ui/form.tsx(2,33): error TS2307: Cannot find module '@radix-ui/react-label' or its corresponding type declarations.
client/src/components/ui/form.tsx(4,99): error TS2307: Cannot find module 'react-hook-form' or its corresponding type declarations.
client/src/components/ui/hover-card.tsx(2,37): error TS2307: Cannot find module '@radix-ui/react-hover-card' or its corresponding type declarations.
client/src/components/ui/input-otp.tsx(2,43): error TS2307: Cannot find module 'input-otp' or its corresponding type declarations.
client/src/components/ui/input-otp.tsx(29,44): error TS18046: 'inputOTPContext' is of type 'unknown'.
client/src/components/ui/label.tsx(2,33): error TS2307: Cannot find module '@radix-ui/react-label' or its corresponding type declarations.
client/src/components/ui/menubar.tsx(2,35): error TS2307: Cannot find module '@radix-ui/react-menubar' or its corresponding type declarations.
client/src/components/ui/navigation-menu.tsx(2,42): error TS2307: Cannot find module '@radix-ui/react-navigation-menu' or its corresponding type declarations.
client/src/components/ui/pagination.tsx(5,10): error TS1484: 'ButtonProps' is a type and must be imported using a type-only import when 'verbatimModuleSyntax' is enabled.
client/src/components/ui/popover.tsx(2,35): error TS2307: Cannot find module '@radix-ui/react-popover' or its corresponding type declarations.
client/src/components/ui/progress.tsx(2,36): error TS2307: Cannot find module '@radix-ui/react-progress' or its corresponding type declarations.
client/src/components/ui/radio-group.tsx(2,38): error TS2307: Cannot find module '@radix-ui/react-radio-group' or its corresponding type declarations.
client/src/components/ui/resizable.tsx(2,37): error TS2307: Cannot find module 'react-resizable-panels' or its corresponding type declarations.
client/src/components/ui/scroll-area.tsx(2,38): error TS2307: Cannot find module '@radix-ui/react-scroll-area' or its corresponding type declarations.
client/src/components/ui/select.tsx(2,34): error TS2307: Cannot find module '@radix-ui/react-select' or its corresponding type declarations.
client/src/components/ui/separator.tsx(2,37): error TS2307: Cannot find module '@radix-ui/react-separator' or its corresponding type declarations.
client/src/components/ui/sheet.tsx(1,33): error TS2307: Cannot find module '@radix-ui/react-dialog' or its corresponding type declarations.
client/src/components/ui/sheet.tsx(55,22): error TS2339: Property 'className' does not exist on type 'SheetContentProps'.
client/src/components/ui/sheet.tsx(55,33): error TS2339: Property 'children' does not exist on type 'SheetContentProps'.
client/src/components/ui/sidebar.tsx(3,10): error TS1484: 'VariantProps' is a type and must be imported using a type-only import when 'verbatimModuleSyntax' is enabled.
client/src/components/ui/sidebar.tsx(6,29): error TS2307: Cannot find module '@/hooks/use-mobile' or its corresponding type declarations.
client/src/components/ui/sidebar.tsx(156,10): error TS2322: Type '{ children: Element; "data-sidebar": string; "data-mobile": string; className: string; style: CSSProperties; side: "left" | "right"; }' is not assignable to type 'IntrinsicAttributes & SheetContentProps & RefAttributes<any>'.
  Property 'children' does not exist on type 'IntrinsicAttributes & SheetContentProps & RefAttributes<any>'.
client/src/components/ui/slider.tsx(2,34): error TS2307: Cannot find module '@radix-ui/react-slider' or its corresponding type declarations.
client/src/components/ui/sonner.tsx(1,26): error TS2307: Cannot find module 'next-themes' or its corresponding type declarations.
client/src/components/ui/sonner.tsx(2,42): error TS2307: Cannot find module 'sonner' or its corresponding type declarations.
client/src/components/ui/switch.tsx(2,35): error TS2307: Cannot find module '@radix-ui/react-switch' or its corresponding type declarations.
client/src/components/ui/tabs.tsx(2,32): error TS2307: Cannot find module '@radix-ui/react-tabs' or its corresponding type declarations.
client/src/components/ui/toast.tsx(2,34): error TS2307: Cannot find module '@radix-ui/react-toast' or its corresponding type declarations.
client/src/components/ui/toaster.tsx(1,26): error TS2307: Cannot find module '@/hooks/use-toast' or its corresponding type declarations.
client/src/components/ui/toaster.tsx(9,31): error TS7031: Binding element 'id' implicitly has an 'any' type.
client/src/components/ui/toaster.tsx(9,35): error TS7031: Binding element 'title' implicitly has an 'any' type.
client/src/components/ui/toaster.tsx(9,42): error TS7031: Binding element 'description' implicitly has an 'any' type.
client/src/components/ui/toaster.tsx(9,55): error TS7031: Binding element 'action' implicitly has an 'any' type.
client/src/components/ui/toggle-group.tsx(2,39): error TS2307: Cannot find module '@radix-ui/react-toggle-group' or its corresponding type declarations.
client/src/components/ui/toggle.tsx(2,34): error TS2307: Cannot find module '@radix-ui/react-toggle' or its corresponding type declarations.
client/src/components/ui/tooltip.tsx(2,35): error TS2307: Cannot find module '@radix-ui/react-tooltip' or its corresponding type declarations.
client/src/components/ui/use-toast.ts(1,33): error TS2307: Cannot find module '@/hooks/use-toast' or its corresponding type declarations.
client/src/features/auth/components/FormField.tsx(1,10): error TS1484: 'ReactNode' is a type and must be imported using a type-only import when 'verbatimModuleSyntax' is enabled.
client/src/features/auth/components/OnboardingForm.tsx(9,26): error TS2307: Cannot find module '@/hooks/use-toast' or its corresponding type declarations.
client/src/features/auth/components/ProgressStepper.tsx(21,29): error TS6133: 'index' is declared but its value is never read.
client/src/features/auth/components/SignInForm.tsx(13,21): error TS6133: 'setIsLoading' is declared but its value is never read.
client/src/features/auth/components/SignInForm.tsx(14,10): error TS6133: 'error' is declared but its value is never read.
client/src/features/auth/components/SignUpForm.tsx(15,10): error TS6133: 'error' is declared but its value is never read.
client/src/features/auth/components/SignUpForm.tsx(47,15): error TS6133: 'res' is declared but its value is never read.
client/src/features/auth/hooks/useAuth.ts(13,11): error TS6133: 'session' is declared but its value is never read.
